// Jest Snapshot v1, https://goo.gl/fbAQLP

exports[`FooterNbe should show correctly 1`] = `
<div>
  <span>
    <a
      href="https://novasolutionsystems.com/"
      target="blank"
    >
      <img
        alt="Logo Nova By Reboot"
        src={Object {}}
      />
      Nova Â© Copyright 
      2020
    </a>
  </span>
  <div>
    <a
      href="https://twitter.com/novasolutionsys/"
      target="blank"
    >
      <img
        alt="Logo Twitter"
        src={Object {}}
      />
    </a>
    <a
      href=" https://www.linkedin.com/company/novasolutionsystems/"
      target="blank"
    >
      <img
        alt="Logo Linkedin"
        src={Object {}}
      />
    </a>
    <a
      href="https://www.facebook.com/novasolutionsystems/"
      target="blank"
    >
      <img
        alt="Logo Facebook"
        src={Object {}}
      />
    </a>
    <a
      href="https://www.instagram.com/novasolutionsystems/"
      target="blank"
    >
      <img
        alt="Logo Instagram"
        src={Object {}}
      />
    </a>
  </div>
</div>
`;
