// Jest Snapshot v1, https://goo.gl/fbAQLP

exports[`HeaderNbe should show correctly 1`] = `
<HeaderDropdown
  overlay={
    <Menu
      onClick={[Function]}
      selectedKeys={
        Array [
          undefined,
        ]
      }
    >
      <MenuItem>
        Espa√±ol
      </MenuItem>
      <MenuItem>
        English
      </MenuItem>
    </Menu>
  }
  placement="bottomRight"
>
  <span
    className=""
  >
    <ForwardRef(GlobalOutlined)
      title="Language"
    />
  </span>
</HeaderDropdown>
`;
